Precompiling DifferentialEquations...
┌ Warning: attempting to remove probably stale pidfile
│   path = "/home/roq68sum/.julia/compiled/v1.11/BoundaryValueDiffEqFIRK/ughQx_WPZBT.ji.pidfile"
└ @ FileWatching.Pidfile ~/julia-1.11.3/share/julia/stdlib/v1.11/FileWatching/src/pidfile.jl:249
 179410.2 ms  ✓ BoundaryValueDiffEqFIRK
  11813.8 ms  ✓ BoundaryValueDiffEq
┌ Warning: attempting to remove probably stale pidfile
│   path = "/home/roq68sum/.julia/compiled/v1.11/DifferentialEquations/UQdwS_WPZBT.ji.pidfile"
└ @ FileWatching.Pidfile ~/julia-1.11.3/share/julia/stdlib/v1.11/FileWatching/src/pidfile.jl:249
  13118.0 ms  ✓ DifferentialEquations
  3 dependencies successfully precompiled in 219 seconds. 319 already precompiled.
Precompiling JLD2...
    762.6 ms  ✓ TranscodingStreams
   5361.2 ms  ✓ FileIO
  39190.2 ms  ✓ JLD2
  3 dependencies successfully precompiled in 45 seconds. 29 already precompiled.
Precompiling QuantumOptics...
   3381.3 ms  ✓ IntegerMathUtils
   3471.6 ms  ✓ RationalRoots
   3654.1 ms  ✓ HalfIntegers
   3500.2 ms  ✓ TupleTools
   3746.8 ms  ✓ UnsafeArrays
   3729.8 ms  ✓ VectorInterface
   3905.6 ms  ✓ AbstractFFTs
   4813.5 ms  ✓ Combinatorics
   2416.9 ms  ✓ LRUCache
   3782.3 ms  ✓ Primes
   3566.7 ms  ✓ FastExpm
   4409.6 ms  ✓ Arpack_jll
   4378.3 ms  ✓ GSL_jll
   2707.5 ms  ✓ StridedViews
   8413.2 ms  ✓ LinearMaps
   5206.8 ms  ✓ QuantumInterface
   3432.5 ms  ✓ FFTW_jll
   2719.2 ms  ✓ AbstractFFTs → AbstractFFTsChainRulesCoreExt
   2760.4 ms  ✓ LRUCache → SerializationExt
   4158.7 ms  ✓ Arpack
   9190.9 ms  ✓ KrylovKit
   2557.4 ms  ✓ LinearMaps → LinearMapsStatisticsExt
   2725.5 ms  ✓ LinearMaps → LinearMapsChainRulesCoreExt
   4052.1 ms  ✓ Strided
  10071.8 ms  ✓ IterativeSolvers
   9009.7 ms  ✓ AbstractFFTs → AbstractFFTsTestExt
   3606.6 ms  ✓ KrylovKit → KrylovKitChainRulesCoreExt
   5348.6 ms  ✓ LinearMaps → LinearMapsSparseArraysExt
  14740.6 ms  ✓ WignerSymbols
  12166.0 ms  ✓ LinearSolve → LinearSolveKrylovKitExt
  11906.0 ms  ✓ LinearSolve → LinearSolveIterativeSolversExt
  30048.2 ms  ✓ GSL
  26633.3 ms  ✓ FFTW
   2506.1 ms  ✓ RandomMatrices
   3939.6 ms  ✓ QuantumOpticsBase
   8458.3 ms  ✓ QuantumOptics
  36 dependencies successfully precompiled in 56 seconds. 296 already precompiled.
